2026-01-22 00:15:10,251 - __main__ - INFO - User initialization complete.
2026-01-22 00:15:14,065 - __main__ - INFO - User initialization complete.
2026-01-22 00:15:49,461 - __main__ - INFO - User initialization complete.
2026-01-22 00:16:03,020 - __main__ - INFO - User initialization complete.
2026-01-22 00:17:34,460 - __main__ - INFO - User initialization complete.
2026-01-22 00:18:32,793 - __main__ - INFO - User initialization complete.
2026-01-22 00:18:48,923 - __main__ - INFO - User initialization complete.
2026-01-22 00:19:02,482 - __main__ - INFO - User initialization complete.
2026-01-22 00:19:12,850 - __main__ - INFO - User initialization complete.
2026-01-22 00:20:43,894 - __main__ - INFO - User initialization complete.
2026-01-22 00:20:46,758 - __main__ - INFO - User initialization complete.
2026-01-22 00:23:02,973 - __main__ - INFO - User initialization complete.
2026-01-22 00:23:06,203 - __main__ - INFO - User initialization complete.
2026-01-22 00:26:09,747 - __main__ - INFO - User initialization complete.
2026-01-22 00:26:23,435 - __main__ - INFO - User initialization complete.
2026-01-22 00:27:16,257 - __main__ - INFO - Fetching graph data for ACK: 22912250105209
2026-01-22 00:27:16,343 - __main__ - INFO - Found 196 transactions for ACK 22912250105209
2026-01-22 00:27:16,354 - __main__ - INFO - Built hierarchy with 1 root children
2026-01-22 00:29:55,906 - __main__ - INFO - User initialization complete.
2026-01-22 00:31:03,603 - __main__ - INFO - Fetching graph data for ACK: 22912250105209
2026-01-22 00:31:03,700 - __main__ - INFO - Found 196 transactions for ACK 22912250105209
2026-01-22 00:31:03,708 - __main__ - INFO - Built hierarchy with 1 root children
2026-01-22 00:33:46,731 - __main__ - INFO - User initialization complete.
2026-01-22 00:33:55,915 - __main__ - INFO - User initialization complete.
2026-01-22 00:34:55,112 - __main__ - INFO - User initialization complete.
2026-01-22 00:35:46,259 - __main__ - INFO - Fetching graph data for ACK: 22912250105209
2026-01-22 00:35:46,339 - __main__ - INFO - Found 196 transactions for ACK 22912250105209
2026-01-22 00:35:46,346 - __main__ - INFO - Built hierarchy with 1 root children
2026-01-22 00:36:59,506 - __main__ - INFO - User initialization complete.
2026-01-22 00:37:37,090 - __main__ - INFO - Fetching graph data for ACK: 22912250105209
2026-01-22 00:37:37,160 - __main__ - INFO - Found 196 transactions for ACK 22912250105209
2026-01-22 00:37:37,170 - __main__ - INFO - Built hierarchy with 1 root children
2026-01-22 00:39:00,445 - __main__ - INFO - User initialization complete.
2026-01-22 00:39:17,134 - __main__ - INFO - User initialization complete.
2026-01-22 00:39:48,943 - __main__ - INFO - Fetching graph data for ACK: 22912250105209
2026-01-22 00:39:49,032 - __main__ - INFO - Found 196 transactions for ACK 22912250105209
2026-01-22 00:39:49,039 - __main__ - INFO - Built hierarchy with 1 root children
2026-01-22 00:42:02,073 - __main__ - INFO - User initialization complete.
2026-01-22 00:42:14,319 - __main__ - INFO - User initialization complete.
2026-01-22 00:42:42,838 - __main__ - INFO - Fetching graph data for ACK: 22912250105209
2026-01-22 00:42:42,932 - __main__ - INFO - Found 196 transactions for ACK 22912250105209
2026-01-22 00:42:42,940 - __main__ - INFO - Built hierarchy with 1 root children
2026-01-22 00:43:46,723 - __main__ - INFO - User initialization complete.
2026-01-22 00:44:05,785 - __main__ - INFO - User initialization complete.
2026-01-22 00:44:34,356 - __main__ - INFO - Fetching graph data for ACK: 32906250036984
2026-01-22 00:44:34,432 - __main__ - INFO - Found 86 transactions for ACK 32906250036984
2026-01-22 00:44:34,440 - __main__ - INFO - Built hierarchy with 2 root children
2026-01-22 00:47:12,412 - __main__ - INFO - User initialization complete.
2026-01-22 00:47:16,081 - __main__ - INFO - User initialization complete.
2026-01-22 00:47:30,388 - __main__ - INFO - Fetching graph data for ACK: 22912250105209
2026-01-22 00:47:30,538 - __main__ - INFO - Found 196 transactions for ACK 22912250105209
2026-01-22 00:47:30,548 - __main__ - INFO - Built hierarchy with 1 root children
2026-01-22 00:48:52,876 - __main__ - INFO - User initialization complete.
2026-01-22 00:48:56,861 - __main__ - INFO - User initialization complete.
2026-01-22 00:49:37,328 - __main__ - INFO - Fetching graph data for ACK: 22912250105209
2026-01-22 00:49:37,400 - __main__ - INFO - Found 196 transactions for ACK 22912250105209
2026-01-22 00:49:37,407 - __main__ - INFO - Built hierarchy with 1 root children
2026-01-22 00:51:45,317 - __main__ - INFO - User initialization complete.
2026-01-22 00:55:13,941 - __main__ - INFO - User initialization complete.
2026-01-22 00:55:17,591 - __main__ - INFO - User initialization complete.
2026-01-22 00:55:33,272 - __main__ - INFO - Fetching graph data for ACK: 22912250105209
2026-01-22 00:55:33,394 - __main__ - INFO - Found 196 transactions for ACK 22912250105209
2026-01-22 00:55:33,405 - __main__ - INFO - Built hierarchy with 1 root children
2026-01-22 00:55:50,455 - __main__ - INFO - User initialization complete.
2026-01-22 00:55:59,619 - __main__ - INFO - User initialization complete.
2026-01-22 12:30:58,661 - __main__ - INFO - User initialization complete.
2026-01-22 12:31:02,127 - __main__ - INFO - User initialization complete.
2026-01-22 12:41:09,627 - __main__ - INFO - User initialization complete.
2026-01-22 12:41:12,749 - __main__ - INFO - User initialization complete.
2026-01-22 12:45:35,045 - __main__ - INFO - User initialization complete.
2026-01-22 12:45:37,936 - __main__ - INFO - User initialization complete.
2026-01-22 12:51:29,999 - __main__ - INFO - User initialization complete.
2026-01-22 12:51:34,911 - __main__ - INFO - User initialization complete.
2026-01-22 12:56:29,575 - __main__ - INFO - User initialization complete.
2026-01-22 12:56:32,818 - __main__ - INFO - User initialization complete.
2026-01-22 13:18:20,647 - __main__ - INFO - User initialization complete.
2026-01-22 13:18:22,393 - __main__ - INFO - User initialization complete.
2026-01-22 13:21:12,299 - __main__ - INFO - User initialization complete.
2026-01-22 13:21:48,916 - __main__ - INFO - User initialization complete.
2026-01-22 13:21:50,800 - __main__ - INFO - User initialization complete.
2026-01-22 15:11:42,767 - __main__ - INFO - User initialization complete.
2026-01-22 15:11:46,064 - __main__ - INFO - User initialization complete.
2026-01-22 15:13:41,344 - __main__ - INFO - Fetching graph data for ACK: 22903250021752
2026-01-22 15:13:41,747 - __main__ - INFO - Found 3923 transactions for ACK 22903250021752
2026-01-22 15:13:45,636 - __main__ - INFO - Built hierarchy with 3 root children
2026-01-22 15:17:05,349 - __main__ - INFO - User initialization complete.
2026-01-22 15:17:08,245 - __main__ - INFO - User initialization complete.
2026-01-22 15:18:04,864 - __main__ - INFO - User initialization complete.
2026-01-22 15:19:09,293 - __main__ - INFO - User initialization complete.
2026-01-22 15:19:41,133 - __main__ - INFO - User initialization complete.
2026-01-22 15:19:43,768 - __main__ - INFO - User initialization complete.
2026-01-22 15:23:00,453 - __main__ - INFO - User initialization complete.
2026-01-22 15:24:51,713 - __main__ - INFO - User initialization complete.
2026-01-22 15:24:54,789 - __main__ - INFO - User initialization complete.
2026-01-22 15:25:33,949 - __main__ - INFO - User initialization complete.
2026-01-22 15:25:41,758 - __main__ - INFO - User initialization complete.
2026-01-22 15:26:55,626 - __main__ - INFO - User initialization complete.
2026-01-22 15:26:58,663 - __main__ - INFO - User initialization complete.
2026-01-22 15:43:38,904 - __main__ - INFO - User initialization complete.
2026-01-22 15:51:37,918 - __main__ - INFO - User initialization complete.
2026-01-22 15:53:22,918 - __main__ - INFO - User initialization complete.
2026-01-22 16:03:30,686 - __main__ - INFO - User initialization complete.
2026-01-22 16:03:33,459 - __main__ - INFO - User initialization complete.
2026-01-22 16:07:55,817 - __main__ - INFO - User initialization complete.
2026-01-22 16:07:58,598 - __main__ - INFO - User initialization complete.
2026-01-22 16:13:51,952 - __main__ - INFO - User initialization complete.
2026-01-22 16:13:54,836 - __main__ - INFO - User initialization complete.
2026-01-22 16:17:32,112 - __main__ - INFO - User initialization complete.
2026-01-22 16:18:07,510 - __main__ - INFO - User initialization complete.
2026-01-22 16:18:10,697 - __main__ - INFO - User initialization complete.
2026-01-22 16:21:42,977 - __main__ - INFO - User initialization complete.
2026-01-22 16:21:46,787 - __main__ - INFO - User initialization complete.
2026-01-22 16:23:22,003 - __main__ - INFO - User initialization complete.
2026-01-22 16:23:25,064 - __main__ - INFO - User initialization complete.
2026-01-22 16:24:11,150 - __main__ - INFO - User initialization complete.
2026-01-22 16:25:40,524 - __main__ - INFO - User initialization complete.
2026-01-22 16:25:43,453 - __main__ - INFO - User initialization complete.
2026-01-22 16:28:06,897 - __main__ - WARNING - Invalid to_account: mdektk555@ptaxis
2026-01-22 16:28:07,144 - __main__ - WARNING - Invalid to_account: 0000002010120033303
2026-01-22 16:28:08,227 - __main__ - WARNING - Invalid to_account: 163602000001408x
2026-01-22 16:28:09,137 - __main__ - WARNING - Invalid to_account: 7840916970@ybl
2026-01-22 16:28:10,820 - __main__ - WARNING - Invalid to_account: 60117315716520663318
2026-01-22 16:28:12,717 - __main__ - WARNING - Invalid from_account: 7840916970@ybl
2026-01-22 16:28:13,265 - __main__ - WARNING - Invalid to_account: 0103SL00IPAY
2026-01-22 16:28:13,656 - __main__ - WARNING - Invalid to_account: 84215555443@ybl
2026-01-22 16:28:14,219 - __main__ - WARNING - Invalid from_account: 0000002010120033303
2026-01-22 16:28:14,794 - __main__ - WARNING - Invalid to_account: 9369801759@dridib
2026-01-22 16:28:15,129 - __main__ - WARNING - Invalid from_account: 84215555443@ybl
2026-01-22 16:28:16,249 - __main__ - WARNING - Invalid to_account: OMBKMBKM236799
2026-01-22 16:28:16,529 - __main__ - WARNING - Invalid to_account: AHZQDBLQIH2TGK6FJFG2GFRKA7XQ
2026-01-22 16:28:17,036 - __main__ - WARNING - Invalid from_account: AHZQDBLQIH2TGK6FJFG2GFRKA7XQ
2026-01-22 16:28:17,746 - __main__ - WARNING - Invalid from_account: mdektk555@ptaxis
2026-01-22 16:28:18,158 - __main__ - WARNING - Invalid to_account: LoanNumber167307121
2026-01-22 16:28:18,472 - __main__ - WARNING - Invalid to_account: 6388543114@freecharge
2026-01-22 16:28:18,480 - __main__ - WARNING - Invalid to_account: 8429883881@freecharge
2026-01-22 16:28:19,530 - __main__ - WARNING - Invalid to_account: PYPGMERFUND00116
2026-01-22 16:28:19,715 - __main__ - WARNING - Invalid to_account: nan
2026-01-22 16:28:19,736 - __main__ - WARNING - Invalid to_account: nan
2026-01-22 16:28:19,765 - __main__ - WARNING - Invalid to_account: nan
2026-01-22 16:28:19,863 - __main__ - WARNING - Invalid to_account: na
2026-01-22 16:28:19,871 - __main__ - WARNING - Invalid to_account: na
2026-01-22 16:28:19,884 - __main__ - WARNING - Invalid to_account: na
2026-01-22 16:28:19,908 - __main__ - WARNING - Invalid to_account: nan
2026-01-22 16:28:19,963 - __main__ - WARNING - Invalid amount: 0.0
2026-01-22 16:28:19,972 - __main__ - WARNING - Invalid to_account: XXXXXXXXXXXX1009
2026-01-22 16:28:20,020 - __main__ - WARNING - Invalid to_account: na
2026-01-22 16:28:20,074 - __main__ - WARNING - Invalid to_account: nan
2026-01-22 16:28:20,083 - __main__ - WARNING - Invalid to_account: nan
2026-01-22 16:28:23,594 - __main__ - WARNING - Invalid to_account: 0000000110120839331
2026-01-22 16:28:23,962 - __main__ - WARNING - Invalid to_account: 0000000110120839331
2026-01-22 16:28:27,126 - __main__ - WARNING - Invalid to_account: 0103SL00IPAY
2026-01-22 16:28:28,085 - __main__ - WARNING - Invalid to_account: FPPId0dc8696c6e3
2026-01-22 16:28:28,099 - __main__ - WARNING - Invalid to_account: FPPId0dc8696c6e3
2026-01-22 16:28:28,113 - __main__ - WARNING - Invalid to_account: FPPId0dc8696c6e3
2026-01-22 16:28:29,045 - __main__ - WARNING - Invalid to_account: FPPIadfd8c23a0c9
2026-01-22 16:28:29,520 - __main__ - WARNING - Invalid to_account: ZGLLFL000000017789
2026-01-22 16:28:29,943 - __main__ - WARNING - Invalid from_account: 0000000110120839331
2026-01-22 16:28:30,075 - __main__ - WARNING - Invalid from_account: 0000000110120839331
2026-01-22 16:28:30,125 - __main__ - WARNING - Invalid from_account: 0000000110120839331
2026-01-22 16:28:30,329 - __main__ - WARNING - Invalid to_account: LoanNumber8577017
2026-01-22 16:28:30,665 - __main__ - WARNING - Invalid from_account: 0000000110120839331
2026-01-22 16:28:30,716 - __main__ - WARNING - Invalid from_account: 0000000110120839331
2026-01-22 16:28:30,908 - __main__ - WARNING - Invalid to_account: ZGLLFL000000017075
2026-01-22 16:28:30,958 - __main__ - WARNING - Invalid from_account: 0000000110120839331
2026-01-22 16:28:30,999 - __main__ - WARNING - Invalid from_account: 0000000110120839331
2026-01-22 16:28:31,031 - __main__ - WARNING - Invalid from_account: 0000000110120839331
2026-01-22 16:28:31,156 - __main__ - WARNING - Invalid to_account: ZGLLFL000000017075
2026-01-22 16:28:31,201 - __main__ - WARNING - Invalid from_account: 0000000110120839331
2026-01-22 16:28:31,222 - __main__ - WARNING - Invalid from_account: 0000000110120839331
2026-01-22 16:28:31,331 - __main__ - WARNING - Invalid from_account: 0000000110120839331
2026-01-22 16:28:31,352 - __main__ - WARNING - Invalid to_account: jeethusmile@okhdfcbank
2026-01-22 16:28:31,362 - __main__ - WARNING - Invalid to_account: 74390100007861@barb0vjvipu
2026-01-22 16:28:31,386 - __main__ - WARNING - Invalid from_account: 0000000110120839331
2026-01-22 16:28:31,492 - __main__ - WARNING - Invalid to_account: BillNumber120232038524
2026-01-22 16:28:31,561 - __main__ - WARNING - Invalid from_account: 0000000110120839331
2026-01-22 16:28:31,575 - __main__ - WARNING - Invalid from_account: 0000000110120839331
2026-01-22 16:28:31,605 - __main__ - WARNING - Invalid from_account: 0000000110120839331
2026-01-22 16:28:31,637 - __main__ - WARNING - Invalid from_account: 0000000110120839331
2026-01-22 16:28:31,698 - __main__ - WARNING - Invalid from_account: 0000000110120839331
2026-01-22 16:28:31,729 - __main__ - WARNING - Invalid from_account: 0000000110120839331
2026-01-22 16:28:31,787 - __main__ - WARNING - Invalid from_account: 0000000110120839331
2026-01-22 16:28:31,830 - __main__ - WARNING - Invalid to_account: XXXXX0054
2026-01-22 16:28:31,910 - __main__ - WARNING - Invalid to_account: BCR2DN6TUWCK3NRZ
2026-01-22 16:28:32,098 - __main__ - WARNING - Invalid from_account: jeethusmile@okhdfcbank
2026-01-22 16:28:32,143 - __main__ - WARNING - Invalid from_account: ZGLLFL000000017075
2026-01-22 16:28:32,311 - __main__ - WARNING - Invalid to_account: ACHDRAZORPAYSOFTWAREPRIVAGARWALASSRL
2026-01-22 16:28:32,318 - __main__ - WARNING - Invalid to_account: XXXXXXX0843
2026-01-22 16:28:32,369 - __main__ - WARNING - Invalid to_account: ZGLLFL000000004875
2026-01-22 16:28:32,433 - __main__ - WARNING - Invalid from_account: ZGLLFL000000004875
2026-01-22 16:28:32,952 - __main__ - WARNING - Invalid to_account: 0103SL00IPAY
2026-01-22 16:28:34,684 - __main__ - WARNING - Invalid to_account: BillNumber169302284
2026-01-22 16:28:34,728 - __main__ - WARNING - Invalid to_account: na
2026-01-22 16:28:34,987 - __main__ - WARNING - Invalid to_account: na
2026-01-22 16:28:35,087 - __main__ - WARNING - Invalid to_account: na
2026-01-22 16:28:35,354 - __main__ - WARNING - Invalid to_account: na
2026-01-22 16:28:35,481 - __main__ - WARNING - Invalid from_account: 0103SL00IPAY
2026-01-22 16:28:35,559 - __main__ - WARNING - Invalid to_account: nan
2026-01-22 16:28:35,686 - __main__ - WARNING - Invalid to_account: FPPI4ae0de828f20
2026-01-22 16:28:35,739 - __main__ - WARNING - Invalid to_account: REFCL55152839991764929169046
2026-01-22 16:28:35,802 - __main__ - WARNING - Invalid from_account: BCR2DN6TUWCK3NRZ
2026-01-22 16:28:35,865 - __main__ - WARNING - Invalid to_account: nan
2026-01-22 16:28:35,963 - __main__ - WARNING - Invalid to_account: nan
2026-01-22 16:28:36,374 - __main__ - WARNING - Invalid to_account: 0103SL00IPAY
2026-01-22 16:28:36,415 - __main__ - WARNING - Invalid from_account: 0103SL00IPAY
2026-01-22 16:28:36,590 - __main__ - WARNING - Invalid to_account: FPPI8492adeac0f4
2026-01-22 16:28:36,600 - __main__ - WARNING - Invalid to_account: FPPI8492adeac0f4
2026-01-22 16:28:36,653 - __main__ - WARNING - Invalid to_account: XXX2063
2026-01-22 16:28:36,662 - __main__ - WARNING - Invalid to_account: XXX2063
2026-01-22 16:28:36,979 - __main__ - WARNING - Invalid to_account: XXXXXXXXXXXX7637
2026-01-22 16:28:37,046 - __main__ - WARNING - Invalid to_account: billnumber120232015265
2026-01-22 16:28:37,075 - __main__ - WARNING - Invalid to_account: NX25111514122922334745471
2026-01-22 16:28:37,089 - __main__ - WARNING - Invalid to_account: CHAK6900001164
2026-01-22 16:28:37,123 - __main__ - WARNING - Invalid to_account: XXXXXXXXXXXX3003
2026-01-22 16:28:37,162 - __main__ - WARNING - Invalid to_account: nan
2026-01-22 16:28:37,190 - __main__ - WARNING - Invalid from_account: 0103SL00IPAY
2026-01-22 16:28:40,969 - __main__ - INFO - [UPLOAD] Txn ID extraction summary: Found=3085, Missing=0
2026-01-22 16:29:01,004 - __main__ - INFO - Fetching graph data for ACK: 32912250078344
2026-01-22 16:29:01,680 - __main__ - INFO - Found 2987 transactions for ACK 32912250078344
2026-01-22 16:29:02,636 - __main__ - INFO - Built hierarchy with 2 root children
2026-01-22 20:32:28,613 - __main__ - INFO - User initialization complete.
2026-01-22 20:32:32,774 - __main__ - INFO - User initialization complete.
2026-01-22 20:33:22,025 - __main__ - INFO - Fetching graph data for ACK: 22912250105209
2026-01-22 20:33:22,144 - __main__ - INFO - Found 196 transactions for ACK 22912250105209
2026-01-22 20:33:22,156 - __main__ - INFO - Built hierarchy with 1 root children
2026-01-22 20:39:52,441 - __main__ - INFO - User initialization complete.
2026-01-22 20:39:54,011 - __main__ - INFO - [atm_data] Built layer map for 158 accounts
2026-01-22 20:39:54,014 - __main__ - INFO - [atm_data] Found account column: Account No./ (Wallet /PG/PA) Id
2026-01-22 20:39:54,049 - __main__ - INFO - [atm_data] Rows extracted: 27
2026-01-22 20:47:50,806 - __main__ - WARNING - Invalid to_account: MerchantOrderIDPD2503014TXN5PLNWVDS4VS093
2026-01-22 20:47:51,326 - __main__ - WARNING - Invalid to_account: MerchantOrderIDPD2502714TXNULIUQBN0UMS093
2026-01-22 20:47:51,904 - __main__ - WARNING - Invalid to_account: MerchantOrderIDPD2502715TXNXMH6PRY1BTS093
2026-01-22 20:47:52,329 - __main__ - WARNING - Invalid to_account: MerchantOrderIDPD2502815TXNX3QRIVCBJMS093
2026-01-22 20:47:52,825 - __main__ - WARNING - Invalid to_account: MerchantOrderIDPD2502814TXN5F87LR950SS093
2026-01-22 20:47:53,346 - __main__ - WARNING - Invalid to_account: MerchantOrderIDPD2502813TXNWJ32LVTPIAS093
2026-01-22 20:47:53,905 - __main__ - WARNING - Invalid to_account: MerchantOrderIDPD2503014TXNEF57NDV6VSS093
2026-01-22 20:47:54,689 - __main__ - WARNING - Invalid to_account: MerchantOrderIDPD2503113TXN5P6TQ21FFNS093
2026-01-22 20:47:57,319 - __main__ - WARNING - Invalid to_account: MerchantOrderIDPD2503114TXN6LFQC720FGS093
2026-01-22 20:47:57,965 - __main__ - WARNING - Invalid to_account: MerchantOrderIDPD2503115TXNZ7UO00V3SSS093
2026-01-22 20:47:58,355 - __main__ - WARNING - Invalid to_account: NB25012817372564450940442
2026-01-22 20:47:58,997 - __main__ - WARNING - Invalid to_account: NX25020809170054439063331
2026-01-22 20:48:29,905 - __main__ - INFO - [UPLOAD] Txn ID extraction summary: Found=113, Missing=0
2026-01-22 20:49:37,939 - __main__ - INFO - Fetching graph data for ACK: 32902250007381
2026-01-22 20:49:43,600 - __main__ - INFO - Found 101 transactions for ACK 32902250007381
2026-01-22 20:49:43,808 - __main__ - INFO - Built hierarchy with 3 root children
2026-01-22 20:49:59,261 - __main__ - INFO - [atm_data] Built layer map for 47 accounts
2026-01-22 20:49:59,262 - __main__ - INFO - [atm_data] Found account column: Account No./ (Wallet /PG/PA) Id
2026-01-22 20:49:59,274 - __main__ - INFO - [atm_data] Rows extracted: 11
2026-01-22 20:54:14,402 - __main__ - INFO - Fetching graph data for ACK: 32902250007381
2026-01-22 20:54:14,422 - __main__ - INFO - Found 101 transactions for ACK 32902250007381
2026-01-22 20:54:14,435 - __main__ - INFO - Built hierarchy with 3 root children
2026-01-22 20:57:43,061 - __main__ - INFO - Fetching graph data for ACK: 32902250007381
2026-01-22 20:57:43,087 - __main__ - INFO - Found 101 transactions for ACK 32902250007381
2026-01-22 20:57:43,095 - __main__ - INFO - Built hierarchy with 3 root children
2026-01-22 20:59:50,330 - __main__ - INFO - Fetching graph data for ACK: 32902250007381
2026-01-22 20:59:50,354 - __main__ - INFO - Found 101 transactions for ACK 32902250007381
2026-01-22 20:59:50,362 - __main__ - INFO - Built hierarchy with 3 root children
2026-01-22 21:11:33,154 - __main__ - INFO - User initialization complete.
2026-01-22 21:12:16,059 - __main__ - INFO - Fetching graph data for ACK: 32902250007381
2026-01-22 21:12:16,089 - __main__ - INFO - Found 101 transactions for ACK 32902250007381
2026-01-22 21:12:16,097 - __main__ - INFO - Built hierarchy with 3 root children
2026-01-22 21:16:17,958 - __main__ - INFO - Fetching graph data for ACK: 32902250007381
2026-01-22 21:16:17,979 - __main__ - INFO - Found 101 transactions for ACK 32902250007381
2026-01-22 21:16:17,990 - __main__ - INFO - Built hierarchy with 3 root children
2026-01-22 21:17:04,178 - __main__ - INFO - User initialization complete.
2026-01-23 00:24:43,995 - __main__ - INFO - User initialization complete.
2026-01-23 00:24:46,664 - __main__ - INFO - User initialization complete.
2026-01-23 12:11:13,276 - app - INFO - Fetching graph data for ACK: TEST_ACK_API_001
2026-01-23 12:11:13,286 - app - INFO - Found 1 transactions for ACK TEST_ACK_API_001
2026-01-23 12:11:13,289 - app - INFO - Restored persistent POH details for 1 transactions
2026-01-23 12:11:13,290 - app - INFO - Built hierarchy with 0 root children
2026-01-23 12:23:42,131 - app - INFO - Generating letter for ack_no=TEST_VICTIM_001, account=9876543210, is_poh=False
2026-01-23 12:23:42,142 - app - INFO - Found 1 normal transactions
2026-01-23 12:23:42,160 - app - INFO - Replacements prepared: {'<Bank Name>': 'SBI', '<amount lost>': '5,000.00', '<from date>': '2025-01-20', '<Rank>': 'Inspector', '<Name>': 'Test Officer', '<Phno>': '9876543210', '<email id>': 'test@police.gov.in', '<Cr.No>': '100/2026', '<Acknowledgement no>': 'TEST_VICTIM_001', '<Account No>': '9876543210', '<To Date>': '23-01-2026', '<current date>': '23-01-2026'}
2026-01-23 12:51:30,632 - app - INFO - Generating letter for ack_no=TEST_VICTIM_001, account=9876543210, is_poh=False
2026-01-23 12:51:30,637 - app - INFO - Found 1 normal transactions
2026-01-23 12:51:30,660 - app - INFO - Replacements prepared: {'<Bank Name>': 'SBI', '<amount lost>': '5,000.00', '<from date>': '2025-01-20', '<Rank>': 'Inspector', '<Name>': 'Test Officer', '<Phno>': '9876543210', '<email id>': 'test@police.gov.in', '<Cr.No>': '100/2026', '<Acknowledgement no>': 'TEST_VICTIM_001', '<Account No>': '9876543210', '<To Date>': '23-01-2026', '<current date>': '23-01-2026'}
2026-01-23 20:36:20,935 - app - INFO - Generating letter for ack_no=TEST_VICTIM_001, account=9876543210, is_poh=False
2026-01-23 20:36:20,941 - app - INFO - Found 1 normal transactions
2026-01-23 20:36:20,980 - app - INFO - Replacements prepared: {'<Bank Name>': 'SBI', '<amount lost>': '5,000.00', '<from date>': '2025-01-20', '<Rank>': 'Inspector', '<Name>': 'Test Officer', '<Phno>': '9876543210', '<email id>': 'test@police.gov.in', '<Cr.No>': '100/2026', '<Acknowledgement no>': 'TEST_VICTIM_001', '<Account No>': '9876543210', '<To Date>': '23-01-2026', '<current date>': '23-01-2026'}
2026-01-23 20:55:14,807 - app - INFO - Generating letter for ack_no=TEST_FOLDER_CHECK, account=1111111111, is_poh=False
2026-01-23 20:55:14,817 - app - INFO - Found 1 normal transactions
2026-01-23 20:55:14,838 - app - INFO - Replacements prepared: {'<Bank Name>': 'Unknown Bank', '<amount lost>': '1,000.00', '<from date>': '2025-01-01', '<Rank>': 'Rank', '<Name>': 'Test', '<Phno>': '123', '<email id>': 'e@mail.com', '<Cr.No>': '123', '<Acknowledgement no>': 'TEST_FOLDER_CHECK', '<Account No>': '1111111111', '<To Date>': '2025', '<current date>': '2025'}
2026-01-23 20:55:15,120 - app - INFO - Generating letter for ack_no=TEST_FOLDER_CHECK, account=2222222222, is_poh=True
2026-01-23 20:55:15,132 - app - INFO - Found 1 POH transactions
2026-01-23 20:55:15,152 - app - INFO - Replacements prepared: {'<Bank Name>': 'TEST0001', '<amount lost>': '2,000.00', '<from date>': '2025-01-02', '<Rank>': 'Rank', '<Name>': 'Test', '<Phno>': '123', '<email id>': 'e@mail.com', '<Cr.No>': '123', '<Acknowledgement no>': 'TEST_FOLDER_CHECK', '<Account No>': '2222222222', '<To Date>': '2025', '<current date>': '2025'}
2026-01-23 20:59:48,756 - app - INFO - Generating letter for ack_no=TEST_VICTIM_001, account=9876543210, is_poh=False
2026-01-23 20:59:48,764 - app - INFO - Found 1 normal transactions
2026-01-23 20:59:48,782 - app - INFO - Replacements prepared: {'<Bank Name>': 'SBI', '<amount lost>': '5,000.00', '<from date>': '2025-01-20', '<Rank>': 'Inspector', '<Name>': 'Test Officer', '<Phno>': '9876543210', '<email id>': 'test@police.gov.in', '<Cr.No>': '100/2026', '<Acknowledgement no>': 'TEST_VICTIM_001', '<Account No>': '9876543210', '<To Date>': '23-01-2026', '<current date>': '23-01-2026'}
2026-01-23 21:00:40,932 - app - INFO - Generating letter for ack_no=TEST_SUSPECT_001, account=1234567890, is_poh=True
2026-01-23 21:00:40,940 - app - INFO - Found 1 POH transactions
2026-01-23 21:00:40,952 - app - INFO - Replacements prepared: {'<Bank Name>': 'HDFC', '<amount lost>': '10,000.00', '<from date>': '2025-01-22', '<Rank>': 'Inspector', '<Name>': 'Test Officer', '<Phno>': '9876543210', '<email id>': 'test@police.gov.in', '<Cr.No>': '100/2026', '<Acknowledgement no>': 'TEST_SUSPECT_001', '<Account No>': '1234567890', '<To Date>': '23-01-2026', '<current date>': '23-01-2026'}
2026-01-23 21:07:53,080 - app - INFO - Generating letter for ack_no=TEST_FOLDER_CHECK, account=2222222222, is_poh=True
2026-01-23 21:07:53,106 - app - INFO - Found 1 POH transactions
2026-01-23 21:07:53,122 - app - INFO - Replacements prepared: {'<Bank Name>': 'TEST0001', '<amount lost>': '2,000.00', '<from date>': '2025-01-02', '<Rank>': 'SI', '<Name>': 'Officer X', '<Phno>': '9999999999', '<email id>': 'x@police.com', '<Cr.No>': '<Cr.No>', '<Acknowledgement no>': 'TEST_FOLDER_CHECK', '<Account No>': '2222222222', '<To Date>': '23-01-2026', '<current date>': '23-01-2026'}
2026-01-23 21:07:53,469 - app - INFO - Generating letter for ack_no=TEST_FOLDER_CHECK, account=1111111111, is_poh=False
2026-01-23 21:07:53,476 - app - INFO - Found 1 normal transactions
2026-01-23 21:07:53,484 - app - INFO - Replacements prepared: {'<Bank Name>': 'Unknown Bank', '<amount lost>': '1,000.00', '<from date>': '2025-01-01', '<Rank>': 'SI', '<Name>': 'Officer X', '<Phno>': '9999999999', '<email id>': 'x@police.com', '<Cr.No>': '<Cr.No>', '<Acknowledgement no>': 'TEST_FOLDER_CHECK', '<Account No>': '1111111111', '<To Date>': '23-01-2026', '<current date>': '23-01-2026'}
2026-01-23 21:39:06,085 - app - INFO - Fetching graph data for ACK: TEST_KYC_ACK_API_001
2026-01-23 21:39:06,104 - app - INFO - Found 1 transactions for ACK TEST_KYC_ACK_API_001
2026-01-23 21:39:06,116 - app - INFO - Restored persistent KYC details for 1 transactions
2026-01-23 21:39:06,117 - app - INFO - Built hierarchy with 0 root children
2026-01-23 21:40:05,347 - app - INFO - Fetching graph data for ACK: TEST_KYC_ACK_API_001
2026-01-23 21:40:05,356 - app - INFO - Found 1 transactions for ACK TEST_KYC_ACK_API_001
2026-01-23 21:40:05,363 - app - INFO - Restored persistent KYC details for 1 transactions
2026-01-23 21:40:05,363 - app - INFO - Built hierarchy with 1 root children
2026-01-23 21:40:05,727 - app - INFO - KYC Save Request processed for txn_id: TEST_KYC_TXN_API_001 (Persisted)
2026-01-23 21:46:14,015 - app - ERROR - Error saving KYC: (sqlite3.OperationalError) no such column: kyc_details.name
[SQL: SELECT kyc_details.id AS kyc_details_id, kyc_details.txn_id AS kyc_details_txn_id, kyc_details.name AS kyc_details_name, kyc_details.aadhar AS kyc_details_aadhar, kyc_details.mobile AS kyc_details_mobile, kyc_details.address AS kyc_details_address, kyc_details.updated_at AS kyc_details_updated_at 
FROM kyc_details 
WHERE kyc_details.txn_id = ?
 LIMIT ? OFFSET ?]
[parameters: ('TEST_TXN_KYC_001', 1, 0)]
(Background on this error at: https://sqlalche.me/e/20/e3q8)
2026-01-23 21:47:59,564 - app - INFO - KYC Save Request processed for txn_id: TEST_TXN_KYC_001
2026-01-23 21:47:59,573 - app - INFO - Fetching graph data for ACK: TEST_ACK_KYC_001
2026-01-23 21:47:59,583 - app - INFO - Found 1 transactions for ACK TEST_ACK_KYC_001
2026-01-23 21:47:59,591 - app - INFO - Restored persistent KYC details for 1 transactions
2026-01-23 21:47:59,592 - app - INFO - Built hierarchy with 0 root children
2026-01-28 12:06:07,693 - app - INFO - Loaded 1506 entries from IFSC cache.
2026-01-28 12:06:08,359 - app - INFO - Generating letter for ack_no=TEST_LETTER_GEN, account=ACC123, is_poh=True
2026-01-28 12:06:08,381 - app - INFO - Found 1 POH transactions
2026-01-28 12:06:08,429 - app - INFO - Replacements prepared: {'<Bank Name>': 'Test Bank', '<amount lost>': '50,000.00', '<total amount>': '50,000.00', '(corresponding layer)': '2', '<transaction date - 6 months>': '19-07-2023', '<from date>': '15-01-2024', '<Rank>': '<Rank>', '<Name>': 'Officer Test', '<Phno>': '<Phone>', '<email id>': '<email id>', '<Cr.No>': '<Cr.No>', '<Acknowledgement no>': 'TEST_LETTER_GEN', '<Account No>': 'ACC123', '<To Date>': '28-01-2026', '<current date>': '28-01-2026'}
2026-01-28 13:40:44,812 - app - INFO - Loaded 1506 entries from IFSC cache.
2026-01-28 13:48:23,402 - app - INFO - Loaded 1506 entries from IFSC cache.
2026-01-28 13:48:23,727 - app - INFO - Generating letter for ack_no=TEST_FOLDER_CHECK, account=2222222222, is_poh=True
2026-01-28 13:48:23,741 - app - INFO - Found 1 POH transactions
2026-01-28 13:48:24,465 - app - INFO - Generating letter for ack_no=TEST_FOLDER_CHECK, account=1111111111, is_poh=False
2026-01-28 13:48:24,474 - app - INFO - Found 1 normal transactions
2026-01-28 15:34:45,764 - __main__ - INFO - Viewer user created.
2026-01-28 15:34:45,774 - __main__ - INFO - User initialization complete.
